// Jest Snapshot v1, https://goo.gl/fbAQLP

exports[`components/widgets/links/UpgradeLink should match the snapshot on show 1`] = `
<button
  className="upgradeLink"
  onClick={[Function]}
>
  <FormattedMessage
    defaultMessage="Upgrade now"
    id="upgradeLink.warn.upgrade_now"
  />
</button>
`;

exports[`components/widgets/links/UpgradeLink should trigger telemetry call when button clicked 1`] = `
<button
  className="upgradeLink"
  onClick={[Function]}
>
  <FormattedMessage
    defaultMessage="Upgrade now"
    id="upgradeLink.warn.upgrade_now"
  />
</button>
`;
